2025-06-23 20:41:46,274 - WARNING - Symbol EURUSD not available
2025-06-23 20:41:46,290 - WARNING - Symbol GBPUSD not available
2025-06-23 20:41:46,290 - WARNING - Symbol USDJPY not available
2025-06-23 20:41:46,290 - WARNING - Symbol USDCHF not available
2025-06-23 20:41:46,290 - WARNING - Symbol AUDUSD not available
2025-06-23 20:41:46,290 - WARNING - Symbol NZDUSD not available
2025-06-23 20:41:46,290 - WARNING - Symbol EURGBP not available
2025-06-23 20:41:46,290 - WARNING - Symbol EURJPY not available
2025-06-23 20:41:46,406 - WARNING - Symbol EURCHF not available
2025-06-23 20:41:46,534 - WARNING - Symbol EURAUD not available
2025-06-23 20:41:46,535 - WARNING - Symbol EURNZD not available
2025-06-23 20:41:46,536 - WARNING - Symbol GBPJPY not available
2025-06-23 20:41:46,537 - WARNING - Symbol GBPCHF not available
2025-06-23 20:41:46,538 - WARNING - Symbol GBPAUD not available
2025-06-23 20:41:46,539 - WARNING - Symbol GBPNZD not available
2025-06-23 20:41:46,540 - WARNING - Symbol AUDCHF not available
2025-06-23 20:41:46,540 - WARNING - Symbol AUDJPY not available
2025-06-23 20:41:46,542 - WARNING - Symbol NZDJPY not available
2025-06-23 20:41:46,543 - INFO - Connected to MT5 with 0 symbols
2025-06-23 20:41:46,545 - INFO - Data update thread started
2025-06-23 20:41:46,663 - INFO - Starting integrated dashboard on http://localhost:5000
2025-06-23 20:41:46,664 - INFO - Monitoring 0 forex pairs
2025-06-23 20:42:07,659 - ERROR - Error running dashboard: [Errno 11002] Lookup timed out
2025-06-23 20:43:16,617 - INFO - Connected to MT5 with 18 symbols
2025-06-23 20:43:16,649 - INFO - Data update thread started
2025-06-23 20:43:16,818 - INFO - Starting integrated dashboard on http://localhost:5000
2025-06-23 20:43:16,988 - INFO - Monitoring 18 forex pairs
2025-06-23 20:43:42,064 - ERROR - Error running dashboard: [Errno 11002] Lookup timed out
2025-06-23 20:45:06,584 - INFO - Connected to MT5 with 18 symbols
2025-06-23 20:45:06,588 - INFO - Data update thread started
2025-06-23 20:45:07,017 - INFO - Starting integrated dashboard on http://127.0.0.1:5000
2025-06-23 20:45:07,048 - INFO - Monitoring 18 forex pairs
2025-06-23 20:45:07,609 - INFO - [31m[1mWARNING: This is a development server. Do not use it in a production deployment. Use a production WSGI server instead.[0m
 * Running on http://127.0.0.1:5000
2025-06-23 20:45:07,619 - INFO - [33mPress CTRL+C to quit[0m
2025-06-23 20:47:17,969 - INFO - Connected to MT5 with 18 symbols
2025-06-23 20:47:18,007 - INFO - Data update thread started
2025-06-23 20:47:18,021 - INFO - Starting integrated dashboard on http://127.0.0.1:5000
2025-06-23 20:47:18,228 - INFO - Monitoring 18 forex pairs
2025-06-23 20:47:18,318 - INFO - [31m[1mWARNING: This is a development server. Do not use it in a production deployment. Use a production WSGI server instead.[0m
 * Running on http://127.0.0.1:5000
2025-06-23 20:47:18,319 - INFO - [33mPress CTRL+C to quit[0m
2025-06-23 20:47:50,833 - INFO - Connected to MT5 with 18 symbols
2025-06-23 20:47:50,945 - INFO - Data update thread started
2025-06-23 20:47:51,148 - INFO - Starting integrated dashboard on http://127.0.0.1:5000
2025-06-23 20:47:51,251 - INFO - Monitoring 18 forex pairs
2025-06-23 20:47:51,487 - INFO - [31m[1mWARNING: This is a development server. Do not use it in a production deployment. Use a production WSGI server instead.[0m
 * Running on http://127.0.0.1:5000
2025-06-23 20:47:51,576 - INFO - [33mPress CTRL+C to quit[0m
