2025-06-23 22:17:23,273 - TRADE - === AUTO TRADING SESSION STARTED ===
2025-06-23 22:17:59,598 - TRADE - === AUTO TRADING SESSION STOPPED ===
2025-06-23 22:18:03,612 - TRADE - === AUTO TRADING SESSION STARTED ===
2025-06-23 22:25:37,290 - TRADE - === AUTO TRADING SESSION STARTED ===
2025-06-23 23:59:31,257 - TRADE - === AUTO TRADING SESSION STARTED ===
2025-06-24 00:02:24,110 - TRADE - === AUTO TRADING SESSION STARTED ===
2025-06-24 08:56:40,617 - TRADE - Executing STRONG_SELL order for XAUUSD.c - Lot: 0.03
2025-06-24 08:56:50,694 - TRADE - Executing STRONG_SELL order for XAUUSD.c - Lot: 0.03
2025-06-24 08:57:00,710 - TRADE - Executing STRONG_SELL order for XAUUSD.c - Lot: 0.03
2025-06-24 08:57:10,726 - TRADE - Executing STRONG_SELL order for XAUUSD.c - Lot: 0.03
2025-06-24 08:57:20,743 - TRADE - Executing STRONG_SELL order for XAUUSD.c - Lot: 0.03
2025-06-24 08:57:30,758 - TRADE - Executing STRONG_SELL order for XAUUSD.c - Lot: 0.03
2025-06-24 08:57:40,775 - TRADE - Executing STRONG_SELL order for XAUUSD.c - Lot: 0.03
2025-06-24 08:57:50,790 - TRADE - Executing STRONG_SELL order for XAUUSD.c - Lot: 0.03
2025-06-24 08:58:00,807 - TRADE - Executing STRONG_SELL order for XAUUSD.c - Lot: 0.03
2025-06-24 08:58:10,820 - TRADE - Executing STRONG_SELL order for XAUUSD.c - Lot: 0.03
2025-06-24 08:58:20,838 - TRADE - Executing STRONG_SELL order for XAUUSD.c - Lot: 0.03
2025-06-24 08:58:30,854 - TRADE - Executing STRONG_SELL order for XAUUSD.c - Lot: 0.03
2025-06-24 08:58:40,869 - TRADE - Executing STRONG_SELL order for XAUUSD.c - Lot: 0.03
2025-06-24 08:58:50,885 - TRADE - Executing STRONG_SELL order for XAUUSD.c - Lot: 0.03
2025-06-24 08:59:00,901 - TRADE - Executing STRONG_SELL order for XAUUSD.c - Lot: 0.03
2025-06-24 08:59:10,917 - TRADE - Executing STRONG_SELL order for XAUUSD.c - Lot: 0.03
2025-06-24 08:59:20,933 - TRADE - Executing STRONG_SELL order for XAUUSD.c - Lot: 0.03
2025-06-24 08:59:30,949 - TRADE - Executing STRONG_SELL order for XAUUSD.c - Lot: 0.03
2025-06-24 08:59:40,964 - TRADE - Executing STRONG_SELL order for XAUUSD.c - Lot: 0.03
2025-06-24 08:59:50,978 - TRADE - Executing STRONG_SELL order for XAUUSD.c - Lot: 0.03
2025-06-24 09:00:00,996 - TRADE - Executing STRONG_SELL order for XAUUSD.c - Lot: 0.03
2025-06-24 09:00:11,011 - TRADE - Executing STRONG_SELL order for XAUUSD.c - Lot: 0.03
2025-06-24 11:35:36,392 - TRADE - === AUTO TRADING SESSION STOPPED ===
2025-06-24 11:35:36,636 - TRADE - === AUTO TRADING SESSION STOPPED ===
2025-06-24 11:35:39,143 - TRADE - === EMERGENCY STOP ACTIVATED ===
2025-06-24 11:35:44,612 - TRADE - === EMERGENCY STOP ACTIVATED ===
2025-06-24 13:31:15,353 - TRADE - === AUTO TRADING SESSION STARTED ===
2025-06-24 13:53:48,239 - TRADE - Executing STRONG_BUY order for EURCAD.c - Lot: 2.0
2025-06-24 13:53:48,739 - TRADE - TRADE EXECUTED: EURCAD.c STRONG_BUY - Ticket: 32825722
2025-06-24 13:53:48,754 - TRADE - Entry: 0.0, SL: 1.58908, TP: 1.5957
2025-06-24 13:53:48,754 - TRADE - Lot Size: 2.0, Risk: 7.50%
2025-06-24 13:57:29,082 - TRADE - Executing STRONG_SELL order for AUDNZD.c - Lot: 2.0
2025-06-24 13:57:29,571 - TRADE - TRADE EXECUTED: AUDNZD.c STRONG_SELL - Ticket: 32826395
2025-06-24 13:57:29,571 - TRADE - Entry: 0.0, SL: 1.08112, TP: 1.07664
2025-06-24 13:57:29,571 - TRADE - Lot Size: 2.0, Risk: 4.20%
2025-06-24 13:58:39,650 - TRADE - Executing STRONG_SELL order for USDCHF.c - Lot: 2.0
2025-06-24 13:58:40,133 - TRADE - TRADE EXECUTED: USDCHF.c STRONG_SELL - Ticket: 32826577
2025-06-24 13:58:40,149 - TRADE - Entry: 0.0, SL: 0.81333, TP: 0.80872
2025-06-24 13:58:40,149 - TRADE - Lot Size: 2.0, Risk: 8.84%
2025-06-24 14:57:55,605 - TRADE - Executing STRONG_BUY order for NZDJPY.c - Lot: 2.0
2025-06-24 14:57:56,073 - TRADE - TRADE EXECUTED: NZDJPY.c STRONG_BUY - Ticket: 32843477
2025-06-24 14:57:56,089 - TRADE - Entry: 0.0, SL: 87.11425, TP: 87.86825
2025-06-24 14:57:56,089 - TRADE - Lot Size: 2.0, Risk: 8.07%
