2025-06-26 06:57:50,989 - hybrid_signal - INFO -    Direction: BUY
2025-06-26 06:57:50,998 - hybrid_signal - INFO -    Direction: BUY
2025-06-26 06:57:50,999 - hybrid_signal - INFO -    Strength: MODERATE
2025-06-26 06:57:50,999 - hybrid_signal - INFO -    Strength: MODERATE
2025-06-26 06:57:51,000 - hybrid_signal - INFO -    Quality: FAIR
2025-06-26 06:57:51,001 - hybrid_signal - INFO -    Quality: FAIR
2025-06-26 06:57:51,056 - hybrid_signal - INFO -    Score: 6.17/15
2025-06-26 06:57:51,056 - hybrid_signal - INFO -    Score: 6.17/15
2025-06-26 06:57:51,057 - hybrid_signal - INFO -    Tradeable: False
2025-06-26 06:57:51,057 - hybrid_signal - INFO -    Tradeable: False
2025-06-26 06:57:51,580 - werkzeug - INFO - [31m[1mWARNING: This is a development server. Do not use it in a production deployment. Use a production WSGI server instead.[0m
 * Running on http://127.0.0.1:5000
2025-06-26 06:57:51,582 - werkzeug - INFO - [33mPress CTRL+C to quit[0m
2025-06-26 06:57:51,585 - werkzeug - INFO -  * Restarting with stat
2025-06-26 06:58:06,304 - hybrid_signal - INFO -    Direction: BUY
2025-06-26 06:58:06,561 - hybrid_signal - INFO -    Strength: MODERATE
2025-06-26 06:58:06,842 - hybrid_signal - INFO -    Direction: BUY
2025-06-26 06:58:06,842 - hybrid_signal - INFO -    Quality: FAIR
2025-06-26 06:58:06,843 - hybrid_signal - INFO -    Strength: MODERATE
2025-06-26 06:58:06,843 - hybrid_signal - INFO -    Quality: FAIR
2025-06-26 06:58:06,844 - hybrid_signal - INFO -    Score: 6.96/15
2025-06-26 06:58:06,844 - hybrid_signal - INFO -    Score: 6.96/15
2025-06-26 06:58:07,090 - hybrid_signal - INFO -    Tradeable: False
2025-06-26 06:58:07,102 - hybrid_signal - INFO -    Tradeable: False
2025-06-26 06:58:07,664 - werkzeug - WARNING -  * Debugger is active!
2025-06-26 06:58:07,766 - werkzeug - INFO -  * Debugger PIN: 737-534-457
2025-06-26 06:58:21,400 - hybrid_signal - INFO -    Direction: BUY
2025-06-26 06:58:21,402 - hybrid_signal - INFO -    Strength: MODERATE
2025-06-26 06:58:21,402 - hybrid_signal - INFO -    Quality: FAIR
2025-06-26 06:58:21,404 - hybrid_signal - INFO -    Score: 6.96/15
2025-06-26 06:58:21,404 - hybrid_signal - INFO -    Tradeable: False
2025-06-26 06:58:38,063 - hybrid_signal - INFO -    Direction: BUY
2025-06-26 06:58:38,064 - hybrid_signal - INFO -    Strength: MODERATE
2025-06-26 06:58:38,064 - hybrid_signal - INFO -    Quality: FAIR
2025-06-26 06:58:38,124 - hybrid_signal - INFO -    Score: 6.96/15
2025-06-26 06:58:38,127 - hybrid_signal - INFO -    Tradeable: False
2025-06-26 06:58:51,708 - hybrid_signal - INFO -    Direction: BUY
2025-06-26 06:58:51,709 - hybrid_signal - INFO -    Strength: MODERATE
2025-06-26 06:58:51,710 - hybrid_signal - INFO -    Quality: FAIR
2025-06-26 06:58:51,710 - hybrid_signal - INFO -    Score: 6.96/15
2025-06-26 06:58:51,713 - hybrid_signal - INFO -    Tradeable: False
2025-06-26 07:02:36,594 - hybrid_signal - INFO - Generating Hybrid Signal...
2025-06-26 07:02:36,682 - hybrid_signal - INFO - Generating Hybrid Signal...
2025-06-26 07:02:36,709 - hybrid_signal - INFO - Technical Score: 4.88/10
2025-06-26 07:02:36,714 - hybrid_signal - INFO - Technical Score: 4.88/10
2025-06-26 07:02:36,881 - hybrid_signal - INFO - AI Score: 0.50/5
2025-06-26 07:02:37,026 - hybrid_signal - INFO - AI Score: 0.50/5
2025-06-26 07:02:37,026 - hybrid_signal - INFO - Hybrid Signal Generated:
2025-06-26 07:02:37,029 - hybrid_signal - INFO - Hybrid Signal Generated:
2025-06-26 07:02:37,030 - hybrid_signal - INFO -    Direction: BUY
2025-06-26 07:02:37,031 - hybrid_signal - INFO -    Strength: WEAK
2025-06-26 07:02:37,031 - hybrid_signal - INFO -    Quality: POOR
2025-06-26 07:02:37,032 - hybrid_signal - INFO -    Direction: BUY
2025-06-26 07:02:37,033 - hybrid_signal - INFO -    Score: 5.57/15
2025-06-26 07:02:37,034 - hybrid_signal - INFO -    Strength: WEAK
2025-06-26 07:02:37,036 - hybrid_signal - INFO -    Tradeable: False
2025-06-26 07:02:37,037 - hybrid_signal - INFO -    Quality: POOR
2025-06-26 07:02:37,156 - hybrid_signal - INFO -    Score: 5.57/15
2025-06-26 07:02:37,191 - hybrid_signal - INFO -    Tradeable: False
2025-06-26 07:02:37,583 - werkzeug - INFO - [31m[1mWARNING: This is a development server. Do not use it in a production deployment. Use a production WSGI server instead.[0m
 * Running on http://127.0.0.1:5000
2025-06-26 07:02:37,598 - werkzeug - INFO - [33mPress CTRL+C to quit[0m
2025-06-26 07:02:37,608 - werkzeug - INFO -  * Restarting with stat
2025-06-26 07:02:49,053 - hybrid_signal - INFO - Generating Hybrid Signal...
2025-06-26 07:02:49,379 - hybrid_signal - INFO - Generating Hybrid Signal...
2025-06-26 07:02:49,388 - hybrid_signal - INFO - Technical Score: 4.88/10
2025-06-26 07:02:49,391 - hybrid_signal - INFO - Technical Score: 4.88/10
2025-06-26 07:02:49,781 - hybrid_signal - INFO - AI Score: 0.50/5
2025-06-26 07:02:50,085 - hybrid_signal - INFO - AI Score: 0.50/5
2025-06-26 07:02:50,085 - hybrid_signal - INFO - Hybrid Signal Generated:
2025-06-26 07:02:50,086 - hybrid_signal - INFO - Hybrid Signal Generated:
2025-06-26 07:02:50,087 - hybrid_signal - INFO -    Direction: BUY
2025-06-26 07:02:50,089 - hybrid_signal - INFO -    Direction: BUY
2025-06-26 07:02:50,090 - hybrid_signal - INFO -    Strength: WEAK
2025-06-26 07:02:50,090 - hybrid_signal - INFO -    Strength: WEAK
2025-06-26 07:02:50,092 - hybrid_signal - INFO -    Quality: POOR
2025-06-26 07:02:50,092 - hybrid_signal - INFO -    Quality: POOR
2025-06-26 07:02:50,095 - hybrid_signal - INFO -    Score: 5.57/15
2025-06-26 07:02:50,095 - hybrid_signal - INFO -    Score: 5.57/15
2025-06-26 07:02:50,096 - hybrid_signal - INFO -    Tradeable: False
2025-06-26 07:02:50,096 - hybrid_signal - INFO -    Tradeable: False
2025-06-26 07:02:51,694 - werkzeug - WARNING -  * Debugger is active!
2025-06-26 07:02:51,725 - werkzeug - INFO -  * Debugger PIN: 737-534-457
2025-06-26 07:03:07,466 - hybrid_signal - INFO - Generating Hybrid Signal...
2025-06-26 07:03:07,535 - hybrid_signal - INFO - Technical Score: 4.88/10
2025-06-26 07:03:10,801 - hybrid_signal - INFO - AI Score: 0.50/5
2025-06-26 07:03:11,243 - hybrid_signal - INFO - Hybrid Signal Generated:
2025-06-26 07:03:11,617 - hybrid_signal - INFO -    Direction: BUY
2025-06-26 07:03:11,984 - hybrid_signal - INFO -    Strength: WEAK
2025-06-26 07:03:12,350 - hybrid_signal - INFO -    Quality: POOR
2025-06-26 07:03:12,436 - hybrid_signal - INFO -    Score: 5.57/15
2025-06-26 07:03:12,506 - hybrid_signal - INFO -    Tradeable: False
2025-06-26 07:03:20,805 - hybrid_signal - INFO - Generating Hybrid Signal...
2025-06-26 07:03:20,805 - hybrid_signal - INFO - Technical Score: 4.88/10
2025-06-26 07:03:20,905 - hybrid_signal - INFO - AI Score: 0.50/5
2025-06-26 07:03:20,910 - hybrid_signal - INFO - Hybrid Signal Generated:
2025-06-26 07:03:20,910 - hybrid_signal - INFO -    Direction: BUY
2025-06-26 07:03:20,913 - hybrid_signal - INFO -    Strength: WEAK
2025-06-26 07:03:20,914 - hybrid_signal - INFO -    Quality: POOR
2025-06-26 07:03:20,989 - hybrid_signal - INFO -    Score: 5.57/15
2025-06-26 07:03:20,990 - hybrid_signal - INFO -    Tradeable: False
2025-06-26 07:03:43,019 - hybrid_signal - INFO - Generating Hybrid Signal...
2025-06-26 07:03:43,023 - hybrid_signal - INFO - Technical Score: 5.62/10
2025-06-26 07:03:43,193 - hybrid_signal - INFO - AI Score: 0.50/5
2025-06-26 07:03:43,194 - hybrid_signal - INFO - Hybrid Signal Generated:
2025-06-26 07:03:43,194 - hybrid_signal - INFO -    Direction: BUY
2025-06-26 07:03:43,197 - hybrid_signal - INFO -    Strength: WEAK
2025-06-26 07:03:43,349 - hybrid_signal - INFO -    Quality: FAIR
2025-06-26 07:03:43,418 - hybrid_signal - INFO -    Score: 6.36/15
2025-06-26 07:03:43,513 - hybrid_signal - INFO -    Tradeable: False
2025-06-26 07:03:51,062 - hybrid_signal - INFO - Generating Hybrid Signal...
2025-06-26 07:03:51,062 - hybrid_signal - INFO - Technical Score: 5.62/10
2025-06-26 07:03:51,464 - hybrid_signal - INFO - AI Score: 0.50/5
2025-06-26 07:03:51,522 - hybrid_signal - INFO - Hybrid Signal Generated:
2025-06-26 07:03:51,523 - hybrid_signal - INFO -    Direction: NEUTRAL
2025-06-26 07:03:51,524 - hybrid_signal - INFO -    Strength: WEAK
2025-06-26 07:03:51,524 - hybrid_signal - INFO -    Quality: FAIR
2025-06-26 07:03:51,525 - hybrid_signal - INFO -    Score: 6.36/15
2025-06-26 07:03:51,526 - hybrid_signal - INFO -    Tradeable: False
2025-06-26 07:04:13,587 - hybrid_signal - INFO - Generating Hybrid Signal...
2025-06-26 07:04:13,587 - hybrid_signal - INFO - Technical Score: 4.88/10
2025-06-26 07:04:14,047 - hybrid_signal - INFO - AI Score: 0.50/5
2025-06-26 07:04:14,048 - hybrid_signal - INFO - Hybrid Signal Generated:
2025-06-26 07:04:14,048 - hybrid_signal - INFO -    Direction: BUY
2025-06-26 07:04:14,049 - hybrid_signal - INFO -    Strength: WEAK
2025-06-26 07:04:14,049 - hybrid_signal - INFO -    Quality: POOR
2025-06-26 07:04:14,050 - hybrid_signal - INFO -    Score: 5.57/15
2025-06-26 07:04:14,051 - hybrid_signal - INFO -    Tradeable: False
2025-06-26 07:04:21,593 - hybrid_signal - INFO - Generating Hybrid Signal...
2025-06-26 07:04:21,606 - hybrid_signal - INFO - Technical Score: 4.88/10
2025-06-26 07:04:21,627 - hybrid_signal - INFO - AI Score: 0.50/5
2025-06-26 07:04:21,628 - hybrid_signal - INFO - Hybrid Signal Generated:
2025-06-26 07:04:21,628 - hybrid_signal - INFO -    Direction: BUY
2025-06-26 07:04:21,628 - hybrid_signal - INFO -    Strength: WEAK
2025-06-26 07:04:21,629 - hybrid_signal - INFO -    Quality: POOR
2025-06-26 07:04:21,629 - hybrid_signal - INFO -    Score: 5.57/15
2025-06-26 07:04:21,630 - hybrid_signal - INFO -    Tradeable: False
2025-06-26 07:04:32,470 - werkzeug - INFO - 127.0.0.1 - - [26/Jun/2025 07:04:32] "GET / HTTP/1.1" 200 -
2025-06-26 07:04:33,129 - werkzeug - INFO - 127.0.0.1 - - [26/Jun/2025 07:04:33] "GET /api/status HTTP/1.1" 200 -
2025-06-26 07:04:33,132 - werkzeug - INFO - 127.0.0.1 - - [26/Jun/2025 07:04:33] "GET /api/signals HTTP/1.1" 200 -
2025-06-26 07:04:33,136 - werkzeug - INFO - 127.0.0.1 - - [26/Jun/2025 07:04:33] "GET /api/performance HTTP/1.1" 200 -
2025-06-26 07:04:33,141 - werkzeug - INFO - 127.0.0.1 - - [26/Jun/2025 07:04:33] "GET /api/market-data HTTP/1.1" 200 -
2025-06-26 07:04:33,283 - werkzeug - INFO - 127.0.0.1 - - [26/Jun/2025 07:04:33] "GET /api/status HTTP/1.1" 200 -
2025-06-26 07:04:40,239 - werkzeug - INFO - 127.0.0.1 - - [26/Jun/2025 07:04:40] "POST /api/config HTTP/1.1" 200 -
2025-06-26 07:04:41,404 - ai_predictor - INFO - Starting LSTM model training...
2025-06-26 07:04:41,481 - ai_predictor - ERROR - Insufficient data for training
2025-06-26 07:04:41,494 - ai_predictor - INFO - Training Pattern Recognition Model...
2025-06-26 07:04:41,497 - ai_predictor - ERROR - Insufficient data for pattern training
2025-06-26 07:04:41,498 - werkzeug - INFO - 127.0.0.1 - - [26/Jun/2025 07:04:41] "POST /api/ai-train HTTP/1.1" 200 -
2025-06-26 07:04:44,384 - hybrid_signal - INFO - Generating Hybrid Signal...
2025-06-26 07:04:44,400 - hybrid_signal - INFO - Technical Score: 4.88/10
2025-06-26 07:04:44,498 - hybrid_signal - INFO - AI Score: 0.50/5
2025-06-26 07:04:44,500 - hybrid_signal - INFO - Hybrid Signal Generated:
2025-06-26 07:04:44,501 - hybrid_signal - INFO -    Direction: BUY
2025-06-26 07:04:44,501 - hybrid_signal - INFO -    Strength: WEAK
2025-06-26 07:04:44,502 - hybrid_signal - INFO -    Quality: POOR
2025-06-26 07:04:44,503 - hybrid_signal - INFO -    Score: 5.57/15
2025-06-26 07:04:44,503 - hybrid_signal - INFO -    Tradeable: False
2025-06-26 07:04:47,781 - werkzeug - INFO - 127.0.0.1 - - [26/Jun/2025 07:04:47] "POST /api/config HTTP/1.1" 200 -
2025-06-26 07:04:51,759 - hybrid_signal - INFO - Generating Hybrid Signal...
2025-06-26 07:04:51,759 - hybrid_signal - INFO - Technical Score: 4.88/10
2025-06-26 07:04:51,841 - hybrid_signal - INFO - AI Score: 0.50/5
2025-06-26 07:04:51,842 - hybrid_signal - INFO - Hybrid Signal Generated:
2025-06-26 07:04:51,844 - hybrid_signal - INFO -    Direction: BUY
2025-06-26 07:04:51,845 - hybrid_signal - INFO -    Strength: WEAK
2025-06-26 07:04:51,846 - hybrid_signal - INFO -    Quality: POOR
2025-06-26 07:04:51,847 - hybrid_signal - INFO -    Score: 5.57/15
2025-06-26 07:04:51,847 - hybrid_signal - INFO -    Tradeable: False
2025-06-26 07:04:55,608 - werkzeug - INFO - 127.0.0.1 - - [26/Jun/2025 07:04:55] "[33mGET /api/ai-status HTTP/1.1[0m" 404 -
2025-06-26 07:05:02,995 - werkzeug - INFO - 127.0.0.1 - - [26/Jun/2025 07:05:02] "GET /api/status HTTP/1.1" 200 -
2025-06-26 07:05:02,998 - werkzeug - INFO - 127.0.0.1 - - [26/Jun/2025 07:05:02] "GET /api/signals HTTP/1.1" 200 -
2025-06-26 07:05:03,088 - werkzeug - INFO - 127.0.0.1 - - [26/Jun/2025 07:05:03] "GET /api/performance HTTP/1.1" 200 -
2025-06-26 07:05:03,239 - werkzeug - INFO - 127.0.0.1 - - [26/Jun/2025 07:05:03] "GET /api/market-data HTTP/1.1" 200 -
2025-06-26 07:05:03,278 - werkzeug - INFO - 127.0.0.1 - - [26/Jun/2025 07:05:03] "GET /api/status HTTP/1.1" 200 -
2025-06-26 07:05:03,397 - werkzeug - INFO - 127.0.0.1 - - [26/Jun/2025 07:05:03] "POST /api/config HTTP/1.1" 200 -
2025-06-26 07:05:14,635 - hybrid_signal - INFO - Generating Hybrid Signal...
2025-06-26 07:05:14,635 - hybrid_signal - INFO - Technical Score: 5.62/10
2025-06-26 07:05:14,728 - hybrid_signal - INFO - AI Score: 0.50/5
2025-06-26 07:05:14,926 - hybrid_signal - INFO - Hybrid Signal Generated:
2025-06-26 07:05:14,985 - hybrid_signal - INFO -    Direction: BUY
2025-06-26 07:05:15,049 - hybrid_signal - INFO -    Strength: WEAK
2025-06-26 07:05:15,116 - hybrid_signal - INFO -    Quality: FAIR
2025-06-26 07:05:15,121 - hybrid_signal - INFO -    Score: 6.36/15
2025-06-26 07:05:15,122 - hybrid_signal - INFO -    Tradeable: False
2025-06-26 07:05:21,994 - hybrid_signal - INFO - Generating Hybrid Signal...
2025-06-26 07:05:22,057 - hybrid_signal - INFO - Technical Score: 5.62/10
2025-06-26 07:05:22,135 - hybrid_signal - INFO - AI Score: 0.50/5
2025-06-26 07:05:22,135 - hybrid_signal - INFO - Hybrid Signal Generated:
2025-06-26 07:05:22,194 - hybrid_signal - INFO -    Direction: BUY
2025-06-26 07:05:22,197 - hybrid_signal - INFO -    Strength: WEAK
2025-06-26 07:05:22,259 - hybrid_signal - INFO -    Quality: FAIR
2025-06-26 07:05:22,315 - hybrid_signal - INFO -    Score: 6.36/15
2025-06-26 07:05:22,319 - hybrid_signal - INFO -    Tradeable: False
2025-06-26 07:05:33,120 - werkzeug - INFO - 127.0.0.1 - - [26/Jun/2025 07:05:33] "GET /api/status HTTP/1.1" 200 -
2025-06-26 07:05:33,229 - werkzeug - INFO - 127.0.0.1 - - [26/Jun/2025 07:05:33] "GET /api/signals HTTP/1.1" 200 -
2025-06-26 07:05:33,308 - werkzeug - INFO - 127.0.0.1 - - [26/Jun/2025 07:05:33] "GET /api/performance HTTP/1.1" 200 -
2025-06-26 07:05:33,399 - werkzeug - INFO - 127.0.0.1 - - [26/Jun/2025 07:05:33] "GET /api/market-data HTTP/1.1" 200 -
2025-06-26 07:05:33,473 - werkzeug - INFO - 127.0.0.1 - - [26/Jun/2025 07:05:33] "GET /api/status HTTP/1.1" 200 -
2025-06-26 07:05:45,479 - hybrid_signal - INFO - Generating Hybrid Signal...
2025-06-26 07:05:45,479 - hybrid_signal - INFO - Technical Score: 5.62/10
2025-06-26 07:05:45,564 - hybrid_signal - INFO - AI Score: 0.50/5
2025-06-26 07:05:45,564 - hybrid_signal - INFO - Hybrid Signal Generated:
2025-06-26 07:05:45,564 - hybrid_signal - INFO -    Direction: BUY
2025-06-26 07:05:45,565 - hybrid_signal - INFO -    Strength: WEAK
2025-06-26 07:05:45,565 - hybrid_signal - INFO -    Quality: FAIR
2025-06-26 07:05:45,566 - hybrid_signal - INFO -    Score: 6.36/15
2025-06-26 07:05:45,567 - hybrid_signal - INFO -    Tradeable: False
2025-06-26 07:05:52,557 - hybrid_signal - INFO - Generating Hybrid Signal...
2025-06-26 07:05:52,557 - hybrid_signal - INFO - Technical Score: 5.62/10
2025-06-26 07:05:53,187 - hybrid_signal - INFO - AI Score: 0.50/5
2025-06-26 07:05:53,251 - hybrid_signal - INFO - Hybrid Signal Generated:
2025-06-26 07:05:53,252 - hybrid_signal - INFO -    Direction: BUY
2025-06-26 07:05:53,253 - hybrid_signal - INFO -    Strength: WEAK
2025-06-26 07:05:53,253 - hybrid_signal - INFO -    Quality: FAIR
2025-06-26 07:05:53,254 - hybrid_signal - INFO -    Score: 6.36/15
2025-06-26 07:05:53,255 - hybrid_signal - INFO -    Tradeable: False
2025-06-26 07:06:03,130 - werkzeug - INFO - 127.0.0.1 - - [26/Jun/2025 07:06:03] "GET /api/status HTTP/1.1" 200 -
2025-06-26 07:06:03,147 - werkzeug - INFO - 127.0.0.1 - - [26/Jun/2025 07:06:03] "GET /api/signals HTTP/1.1" 200 -
2025-06-26 07:06:03,245 - werkzeug - INFO - 127.0.0.1 - - [26/Jun/2025 07:06:03] "GET /api/performance HTTP/1.1" 200 -
2025-06-26 07:06:03,271 - werkzeug - INFO - 127.0.0.1 - - [26/Jun/2025 07:06:03] "GET /api/market-data HTTP/1.1" 200 -
2025-06-26 07:06:03,374 - werkzeug - INFO - 127.0.0.1 - - [26/Jun/2025 07:06:03] "GET /api/status HTTP/1.1" 200 -
